[2025-07-06T07:12:32.338Z] undefined
[2025-07-06T07:16:33.591Z] undefined
[2025-07-06T07:16:49.697Z] undefined
[2025-07-06T07:25:16.069Z] This is a test message